EN fulladder_with_ted NULL D:/Xilinx/fulladder_with_ted/fulladder_with_ted.vhd sub00/vhpl02 1543682124
EN three_eight_decoder NULL D:/Xilinx/three_eight_decoder/three_eight_decoder.vhd sub00/vhpl00 1543682122
AR fulladder_with_ted behavioral D:/Xilinx/fulladder_with_ted/fulladder_with_ted.vhd sub00/vhpl03 1543682125
AR three_eight_decoder behavioral D:/Xilinx/three_eight_decoder/three_eight_decoder.vhd sub00/vhpl01 1543682123
