V3 7
FL D:/Xilinx/fulladder_with_ted/fulladder_with_ted.vhd 2018/12/01.19:35:21 P.20131013
EN work/fulladder_with_ted 1543682124 \
      FL D:/Xilinx/fulladder_with_ted/fulladder_with_ted.vhd \
      PB ieee/std_logic_1164 1381692176
AR work/fulladder_with_ted/Behavioral 1543682125 \
      FL D:/Xilinx/fulladder_with_ted/fulladder_with_ted.vhd \
      EN work/fulladder_with_ted 1543682124 CP three_eight_decoder
FL D:/Xilinx/three_eight_decoder/three_eight_decoder.vhd 2018/12/01.16:48:24 P.20131013
EN work/three_eight_decoder 1543682122 \
      FL D:/Xilinx/three_eight_decoder/three_eight_decoder.vhd \
      PB ieee/std_logic_1164 1381692176
AR work/three_eight_decoder/Behavioral 1543682123 \
      FL D:/Xilinx/three_eight_decoder/three_eight_decoder.vhd \
      EN work/three_eight_decoder 1543682122
