EN multiplexer NULL D:/Xilinx/multiplexer/function.vhd sub00/vhpl00 1543698351
AR multiplexer behavioral D:/Xilinx/multiplexer/function.vhd sub00/vhpl01 1543698352
EN funct NULL D:/Xilinx/multiplexer/function.vhd sub00/vhpl02 1543698353
AR funct behavioral D:/Xilinx/multiplexer/function.vhd sub00/vhpl03 1543698354
