AR comparator behavioral D:/Xilinx/comparator/comparator.vhd sub00/vhpl03 1543706468
AR decoder behavioral D:/Xilinx/comparator/decoder.vhd sub00/vhpl01 1543869138
EN decoder NULL D:/Xilinx/comparator/decoder.vhd sub00/vhpl00 1543869137
EN comparator NULL D:/Xilinx/comparator/comparator.vhd sub00/vhpl02 1543706467
