EN half_adder NULL D:/Xilinx/multiplier2x2/HALF_ADDER.vhd sub00/vhpl00 1543265686
AR main behavioral D:/Xilinx/multiplier2x2/main.vhd sub00/vhpl03 1543265689
EN main NULL D:/Xilinx/multiplier2x2/main.vhd sub00/vhpl02 1543265688
AR half_adder behavioral D:/Xilinx/multiplier2x2/HALF_ADDER.vhd sub00/vhpl01 1543265687
